?   	github.com/opd-ai/voyage/cmd/voyage	[no test files]
ok  	github.com/opd-ai/voyage/pkg/achievements	1.040s
ok  	github.com/opd-ai/voyage/pkg/audio	10.387s
ok  	github.com/opd-ai/voyage/pkg/benchmark	1.048s
ok  	github.com/opd-ai/voyage/pkg/companions	1.048s
ok  	github.com/opd-ai/voyage/pkg/config	1.024s
ok  	github.com/opd-ai/voyage/pkg/convoy	1.166s
ok  	github.com/opd-ai/voyage/pkg/council	1.024s
ok  	github.com/opd-ai/voyage/pkg/crew	1.030s
ok  	github.com/opd-ai/voyage/pkg/destination	1.026s
ok  	github.com/opd-ai/voyage/pkg/economy	1.031s
ok  	github.com/opd-ai/voyage/pkg/encounters	1.094s
ok  	github.com/opd-ai/voyage/pkg/engine	1.026s
ok  	github.com/opd-ai/voyage/pkg/events	1.039s
ok  	github.com/opd-ai/voyage/pkg/factions	1.032s
ok  	github.com/opd-ai/voyage/pkg/game	1.056s
ok  	github.com/opd-ai/voyage/pkg/input	1.081s
ok  	github.com/opd-ai/voyage/pkg/journey	1.050s
ok  	github.com/opd-ai/voyage/pkg/leaderboard	1.130s
ok  	github.com/opd-ai/voyage/pkg/lore	1.027s
ok  	github.com/opd-ai/voyage/pkg/metaprog	1.028s
ok  	github.com/opd-ai/voyage/pkg/modding	1.033s
ok  	github.com/opd-ai/voyage/pkg/narrative	1.029s
ok  	github.com/opd-ai/voyage/pkg/npc	1.025s
ok  	github.com/opd-ai/voyage/pkg/procgen/event	1.023s
ok  	github.com/opd-ai/voyage/pkg/procgen/seed	1.035s
ok  	github.com/opd-ai/voyage/pkg/procgen/world	1.083s
ok  	github.com/opd-ai/voyage/pkg/quests	1.029s
ok  	github.com/opd-ai/voyage/pkg/rendering	1.084s
ok  	github.com/opd-ai/voyage/pkg/resources	1.026s
ok  	github.com/opd-ai/voyage/pkg/saveload	1.078s
ok  	github.com/opd-ai/voyage/pkg/trading	1.037s
ok  	github.com/opd-ai/voyage/pkg/ux	1.027s
ok  	github.com/opd-ai/voyage/pkg/vessel	1.029s
ok  	github.com/opd-ai/voyage/pkg/weather	1.019s
ok  	github.com/opd-ai/voyage/pkg/world	1.017s
